#-----------------------------------------------------------
# Vivado v2019.1.3 (64-bit)
# SW Build 2644227 on Wed Sep  4 09:45:24 MDT 2019
# IP Build 2633630 on Wed Sep  4 12:30:14 MDT 2019
# Start of session at: Mon Feb 21 03:42:31 2022
# Process ID: 12468
# Current directory: C:/Users/dougl/Desktop/CarPlatooning/seguidor/TESTES_CAM_ZYBO/CAPTURE_FRAME/Captura_frame/Captura_frame.runs/ov7670_QVGA_ov7670_capture_0_0_synth_1
# Command line: vivado.exe -log ov7670_QVGA_ov7670_capture_0_0.vds -product Vivado -mode batch -messageDb vivado.pb -notrace -source ov7670_QVGA_ov7670_capture_0_0.tcl
# Log file: C:/Users/dougl/Desktop/CarPlatooning/seguidor/TESTES_CAM_ZYBO/CAPTURE_FRAME/Captura_frame/Captura_frame.runs/ov7670_QVGA_ov7670_capture_0_0_synth_1/ov7670_QVGA_ov7670_capture_0_0.vds
# Journal file: C:/Users/dougl/Desktop/CarPlatooning/seguidor/TESTES_CAM_ZYBO/CAPTURE_FRAME/Captura_frame/Captura_frame.runs/ov7670_QVGA_ov7670_capture_0_0_synth_1\vivado.jou
#-----------------------------------------------------------
source ov7670_QVGA_ov7670_capture_0_0.tcl -notrace
