#-----------------------------------------------------------
# Vivado v2019.1 (64-bit)
# SW Build 2552052 on Fri May 24 14:49:42 MDT 2019
# IP Build 2548770 on Fri May 24 18:01:18 MDT 2019
# Start of session at: Wed Feb 23 10:56:13 2022
# Process ID: 7672
# Current directory: C:/Users/dougl/Desktop/CarPlatooning/seguidor/TESTES_CAM_ZYBO/CAPTURE_FRAME/Captura_frame/Captura_frame.runs/ov7670_QVGA_proc_sys_reset_0_0_synth_1
# Command line: vivado.exe -log ov7670_QVGA_proc_sys_reset_0_0.vds -product Vivado -mode batch -messageDb vivado.pb -notrace -source ov7670_QVGA_proc_sys_reset_0_0.tcl
# Log file: C:/Users/dougl/Desktop/CarPlatooning/seguidor/TESTES_CAM_ZYBO/CAPTURE_FRAME/Captura_frame/Captura_frame.runs/ov7670_QVGA_proc_sys_reset_0_0_synth_1/ov7670_QVGA_proc_sys_reset_0_0.vds
# Journal file: C:/Users/dougl/Desktop/CarPlatooning/seguidor/TESTES_CAM_ZYBO/CAPTURE_FRAME/Captura_frame/Captura_frame.runs/ov7670_QVGA_proc_sys_reset_0_0_synth_1\vivado.jou
#-----------------------------------------------------------
source ov7670_QVGA_proc_sys_reset_0_0.tcl -notrace
